g 3 4
b 0 0
b 1 0
b 2 0
b 0 1
b 1 1
b 2 1
b 0 2
b 1 2
b 2 2
b 0 3
+---+
|***|
|***|
|***|
|***|
+---+
u 1 3
+---+
|***|
|***|
|***|
|*4*|
+---+
u 2 3
+---+
|***|
|***|
|***|
|*42|
+---+
lost
